// Jest Snapshot v1, https://goo.gl/fbAQLP

exports[`ActivityCard renders correctly 1`] = `
<View
  style={
    Array [
      Object {
        "backgroundColor": "#fff",
        "borderColor": "#ddd",
        "borderRadius": 5,
        "borderWidth": 1,
        "elevation": 1,
        "flexDirection": "row",
        "shadowColor": "#000",
        "shadowOffset": Object {
          "height": 3,
          "width": 0,
        },
        "shadowOpacity": 0.1,
        "shadowRadius": 5,
      },
      Object {
        "height": 200,
        "width": 200,
      },
    ]
  }
>
  <View
    style={
      Array [
        Object {
          "alignItems": "center",
          "borderRightColor": "#ddd",
          "borderRightWidth": 1,
          "justifyContent": "center",
        },
        Object {
          "height": 200,
          "width": 200,
        },
      ]
    }
  >
    <Text
      style={
        Array [
          Object {
            "fontFamily": "humantiv-icons",
            "fontWeight": "200",
            "textAlign": "center",
          },
          Object {
            "color": "#000",
            "fontSize": 25,
          },
        ]
      }
    >
      s
    </Text>
  </View>
  <View
    style={
      Object {
        "flex": 1,
        "marginLeft": 10,
      }
    }
  >
    <View
      style={
        Object {
          "alignItems": "flex-end",
          "flex": 1,
          "flexDirection": "row",
        }
      }
    >
      <Text
        style={
          Object {
            "color": "#757b86",
            "fontFamily": "SofiaPro-Regular",
            "fontSize": 16,
            "fontWeight": "400",
            "marginLeft": 4,
            "textAlignVertical": "bottom",
          }
        }
      >
        
      </Text>
      <Text
        style={
          Array [
            Object {
              "color": "#b6bbc4",
              "fontFamily": "SofiaPro-Regular",
              "fontSize": 16,
              "fontWeight": "400",
              "textAlignVertical": "bottom",
            },
            Object {
              "marginLeft": 0,
            },
          ]
        }
      >
        
      </Text>
      <Text
        style={
          Array [
            Object {
              "fontFamily": "SofiaPro-Regular",
              "fontSize": 16,
              "fontWeight": "400",
              "marginLeft": 4,
              "textAlignVertical": "bottom",
            },
            Object {
              "color": "#000",
            },
          ]
        }
      >
        
      </Text>
    </View>
    <View
      style={
        Object {
          "alignItems": "flex-start",
          "flex": 1,
        }
      }
    >
      <Text
        style={
          Object {
            "color": "#b6bbc4",
            "fontFamily": "SofiaPro-Regular",
            "fontSize": 12,
            "fontWeight": "400",
            "marginBottom": -5,
            "marginLeft": 4,
            "textAlignVertical": "bottom",
          }
        }
      >
        
      </Text>
    </View>
  </View>
</View>
`;
